* ******************************************************************************

* iCEcube Report

* Version:            2020.12.27943

* Build Date:         Dec  9 2020 17:31:51

* File Generated:     Jan 27 2024 21:36:33

* Purpose:            General info of design implementation

* Copyright (C) 2006-2010 by Lattice Semiconductor Corp. All rights reserved.

* ******************************************************************************

Synthesis/Placement Summary:
----------------------------
    Status:  Successful
    Runtime: 0 seconds

Device Info:
------------
    Device Family: iCE40
    Device:        iCE40HX1K
    Package:       VQ100

Design statistics:
------------------
    FFs:                  163
    LUTs:                 268
    RAMs:                 0
    IOBs:                 16
    GBs:                  6
    PLLs:                 0
    Warm Boots:           0

Logic Resource Utilization:
---------------------------
    Total Logic Cells: 273/1280
        Combinational Logic Cells: 110      out of   1280      8.59375%
        Sequential Logic Cells:    163      out of   1280      12.7344%
        Logic Tiles:               62       out of   160       38.75%
    Registers: 
        Logic Registers:           163      out of   1280      12.7344%
        IO Registers:              0        out of   560       0
    Block RAMs:                    0        out of   16        0%
    Warm Boots:                    0        out of   1         0%
    Pins:
        Input Pins:                5        out of   72        6.94444%
        Output Pins:               11       out of   72        15.2778%
        InOut Pins:                0        out of   72        0%
    Global Buffers:                6        out of   8         75%
    PLLs:                          0        out of   0       

IO Bank Utilization:
--------------------
    Bank 3: 2        out of   18        11.1111%
    Bank 1: 8        out of   19        42.1053%
    Bank 0: 6        out of   19        31.5789%
    Bank 2: 0        out of   16        0%

Detailed I/O Info:
------------------
    Input Pins: 
    Pin Number  Direction  IO Standard  Pull Up  IO Bank  IO Function    Signal Name   
    ----------  ---------  -----------  -------  -------  -----------    -----------   
    15          Input      SB_LVCMOS    No       3        Simple Input   i_Clk         
    51          Input      SB_LVCMOS    No       1        Simple Input   i_Switch_2    
    52          Input      SB_LVCMOS    No       1        Simple Input   i_Switch_4    
    53          Input      SB_LVCMOS    No       1        Simple Input   i_Switch_1    
    54          Input      SB_LVCMOS    No       1        Simple Input   i_Switch_3    

    Output Pins: 
    Pin Number  Direction  IO Standard  Pull Up  IO Bank  IO Function    Signal Name   
    ----------  ---------  -----------  -------  -------  -----------    -----------   
    8           Output     SB_LVCMOS    No       3        Simple Output  o_Segment2_F  
    56          Output     SB_LVCMOS    No       1        Simple Output  o_LED_1       
    57          Output     SB_LVCMOS    No       1        Simple Output  o_LED_2       
    59          Output     SB_LVCMOS    No       1        Simple Output  o_LED_3       
    60          Output     SB_LVCMOS    No       1        Simple Output  o_LED_4       
    94          Output     SB_LVCMOS    No       0        Simple Output  o_Segment2_E  
    95          Output     SB_LVCMOS    No       0        Simple Output  o_Segment2_D  
    96          Output     SB_LVCMOS    No       0        Simple Output  o_Segment2_G  
    97          Output     SB_LVCMOS    No       0        Simple Output  o_Segment2_C  
    99          Output     SB_LVCMOS    No       0        Simple Output  o_Segment2_B  
    100         Output     SB_LVCMOS    No       0        Simple Output  o_Segment2_A  

Detailed Global Buffer Info:
----------------------------
    Buffer Number  IO Bank  Driven By  Fanout  Signal Name          
    -------------  -------  ---------  ------  -----------          
    1              3        IO         163     i_Clk_c_g            
    2              1                   18      Debounce_SW3.N_40_g  
    4              0                   18      Debounce_SW2.N_38_g  
    0              2                   18      Debounce_SW4.N_42_g  
    6              3                   18      Debounce_SW1.N_36_g  
    3              3                   23      Game_Inst.N_83_i_g   
